// Jest Snapshot v1, https://goo.gl/fbAQLP

exports[`Should correctly render text widget 1`] = `null`;
