// Jest Snapshot v1, https://goo.gl/fbAQLP

exports[`Should correctly render InputRange with minimal parameters Test with value 1`] = `
<div
  className="survey-question__input-range_input_container_with_labels"
>
  <div
    aria-disabled={false}
    className="input-range"
    onKeyDown={[Function]}
    onKeyUp={[Function]}
    onMouseDown={[Function]}
    onTouchStart={[Function]}
  >
    <span
      className="input-range__label input-range__label--min"
    >
      <span
        className="input-range__label-container"
      >
        -10
      </span>
    </span>
    <div
      className="input-range__track input-range__track--background"
      onMouseDown={[Function]}
      onTouchStart={[Function]}
    >
      <div
        className="input-range__track input-range__track--active"
        style={
          Object {
            "left": "0%",
            "width": "18.181818181818183%",
          }
        }
      />
      <span
        className="input-range__slider-container"
        style={
          Object {
            "left": "18.181818181818183%",
            "position": "absolute",
          }
        }
      >
        <span
          className="input-range__label input-range__label--value"
        >
          <span
            className="input-range__label-container"
          >
            10
          </span>
        </span>
        <div
          aria-valuemax={100}
          aria-valuemin={-10}
          aria-valuenow={10}
          className="input-range__slider"
          draggable="false"
          onKeyDown={[Function]}
          onMouseDown={[Function]}
          onTouchStart={[Function]}
          role="slider"
          tabIndex="0"
        />
      </span>
    </div>
    <span
      className="input-range__label input-range__label--max"
    >
      <span
        className="input-range__label-container"
      >
        100
      </span>
    </span>
    <input
      name="test"
      type="hidden"
      value={10}
    />
  </div>
</div>
`;

exports[`Should correctly render InputRange with minimal parameters Test without value 1`] = `
<div
  className="survey-question__input-range_input_container_with_labels input-blank"
>
  <div
    aria-disabled={false}
    className="input-range"
    onKeyDown={[Function]}
    onKeyUp={[Function]}
    onMouseDown={[Function]}
    onTouchStart={[Function]}
  >
    <span
      className="input-range__label input-range__label--min"
    >
      <span
        className="input-range__label-container"
      >
        -10
      </span>
    </span>
    <div
      className="input-range__track input-range__track--background"
      onMouseDown={[Function]}
      onTouchStart={[Function]}
    >
      <div
        className="input-range__track input-range__track--active"
        style={
          Object {
            "left": "0%",
            "width": "0%",
          }
        }
      />
      <span
        className="input-range__slider-container"
        style={
          Object {
            "left": "0%",
            "position": "absolute",
          }
        }
      >
        <span
          className="input-range__label input-range__label--value"
        >
          <span
            className="input-range__label-container"
          >
            -10
          </span>
        </span>
        <div
          aria-valuemax={100}
          aria-valuemin={-10}
          aria-valuenow={-10}
          className="input-range__slider"
          draggable="false"
          onKeyDown={[Function]}
          onMouseDown={[Function]}
          onTouchStart={[Function]}
          role="slider"
          tabIndex="0"
        />
      </span>
    </div>
    <span
      className="input-range__label input-range__label--max"
    >
      <span
        className="input-range__label-container"
      >
        100
      </span>
    </span>
    <input
      name="test"
      type="hidden"
      value={-10}
    />
  </div>
</div>
`;

exports[`Should correctly render InputRange with various parameters Test trackclass and labels 1`] = `
<div
  className="survey-question__input-range_input_container_with_labels"
>
  <div
    aria-disabled={false}
    className="input-range"
    onKeyDown={[Function]}
    onKeyUp={[Function]}
    onMouseDown={[Function]}
    onTouchStart={[Function]}
  >
    <span
      className="input-range__label input-range__label--min"
    >
      <span
        className="input-range__label-container"
      >
        l-10
      </span>
    </span>
    <div
      className="myTrackClass"
      onMouseDown={[Function]}
      onTouchStart={[Function]}
    >
      <div
        className="input-range__track input-range__track--active"
        style={
          Object {
            "left": "0%",
            "width": "18.181818181818183%",
          }
        }
      />
      <span
        className="input-range__slider-container"
        style={
          Object {
            "left": "18.181818181818183%",
            "position": "absolute",
          }
        }
      >
        <span
          className="input-range__label input-range__label--value"
        >
          <span
            className="input-range__label-container"
          >
            l10
          </span>
        </span>
        <div
          aria-valuemax={100}
          aria-valuemin={-10}
          aria-valuenow={10}
          className="input-range__slider"
          draggable="false"
          onKeyDown={[Function]}
          onMouseDown={[Function]}
          onTouchStart={[Function]}
          role="slider"
          tabIndex="0"
        />
      </span>
    </div>
    <span
      className="input-range__label input-range__label--max"
    >
      <span
        className="input-range__label-container"
      >
        l100
      </span>
    </span>
    <input
      name="test"
      type="hidden"
      value={10}
    />
  </div>
  <div
    className="survey-question__input-range_input_labels_container"
  >
    <p
      className="__input-range_input_container_label"
    >
      unilingual text
    </p>
    <p
      className="__input-range_input_container_label __input-range_input_container_label_last"
    >
      2nd english label
    </p>
  </div>
</div>
`;

exports[`Should correctly render InputRange with various parameters Test with min max range values 1`] = `
<div
  className="survey-question__input-range_input_container_with_labels"
>
  <div
    aria-disabled={false}
    className="input-range"
    onKeyDown={[Function]}
    onKeyUp={[Function]}
    onMouseDown={[Function]}
    onTouchStart={[Function]}
  >
    <span
      className="input-range__label input-range__label--min"
    >
      <span
        className="input-range__label-container"
      >
        10
      </span>
    </span>
    <div
      className="input-range__track input-range__track--background"
      onMouseDown={[Function]}
      onTouchStart={[Function]}
    >
      <div
        className="input-range__track input-range__track--active"
        style={
          Object {
            "left": "0%",
            "width": "0%",
          }
        }
      />
      <span
        className="input-range__slider-container"
        style={
          Object {
            "left": "0%",
            "position": "absolute",
          }
        }
      >
        <span
          className="input-range__label input-range__label--value"
        >
          <span
            className="input-range__label-container"
          >
            10
          </span>
        </span>
        <div
          aria-valuemax={40}
          aria-valuemin={10}
          aria-valuenow={10}
          className="input-range__slider"
          draggable="false"
          onKeyDown={[Function]}
          onMouseDown={[Function]}
          onTouchStart={[Function]}
          role="slider"
          tabIndex="0"
        />
      </span>
    </div>
    <span
      className="input-range__label input-range__label--max"
    >
      <span
        className="input-range__label-container"
      >
        40
      </span>
    </span>
    <input
      name="test"
      type="hidden"
      value={10}
    />
  </div>
</div>
`;
