// Jest Snapshot v1, https://goo.gl/fbAQLP

exports[`Test HOC 1`] = `
<div>
  key1
  key2
   
  normal
   
  This is a test component
</div>
`;
